---
source: crates/vespertide-exporter/src/tests/mod.rs
assertion_line: 382
expression: rendered
---
export const session = pgTable("session", {
  id: uuid("id").primaryKey(),
  username: text("username").notNull().references(() => user.username),
});

export const sessionRelations = relations(session, ({ one, many }) => ({
  usernameUser: one(user, { fields: [session.username], references: [user.username] }),
}));
